Modules list:
-------------
osi.o:
    CODE              Offs=000000  Size=001B89  Align=00001  Fill=0000
    RODATA            Offs=000000  Size=000000  Align=00001  Fill=0000
    BSS               Offs=000000  Size=000000  Align=00001  Fill=0000
    DATA              Offs=000000  Size=000000  Align=00001  Fill=0000
    ZEROPAGE          Offs=000000  Size=000081  Align=00001  Fill=0000
    NULL              Offs=000000  Size=000000  Align=00001  Fill=0000
    HEADER            Offs=000000  Size=000000  Align=00001  Fill=0000
    VECTORS           Offs=000000  Size=00008A  Align=00001  Fill=0000
    KEYWORDS          Offs=000000  Size=0000ED  Align=00001  Fill=0000
    DUMMY             Offs=000000  Size=000047  Align=00001  Fill=0000
    ERROR             Offs=000000  Size=000022  Align=00001  Fill=0000
    CHRGET            Offs=000000  Size=00001C  Align=00001  Fill=0000
    INIT              Offs=000000  Size=000208  Align=00001  Fill=0000
    EXTRA             Offs=000000  Size=00006D  Align=00001  Fill=0000
    BIOS              Offs=000000  Size=00044D  Align=00001  Fill=0000
    DRV               Offs=000000  Size=0000A1  Align=00001  Fill=0000
    RESETVEC          Offs=000000  Size=000006  Align=00001  Fill=0000


Segment list:
-------------
Name                   Start     End    Size  Align
----------------------------------------------------
BSS                   000000  000000  000000  00001
DATA                  000000  000000  000000  00001
DUMMY                 000000  000046  000047  00001
NULL                  000000  000000  000000  00001
RODATA                000000  000000  000000  00001
ZEROPAGE              000000  000080  000081  00001
HEADER                00C000  00C000  000000  00001
VECTORS               00C000  00C089  00008A  00001
KEYWORDS              00C08A  00C176  0000ED  00001
ERROR                 00C177  00C198  000022  00001
CODE                  00C199  00DD21  001B89  00001
CHRGET                00DD22  00DD3D  00001C  00001
INIT                  00DD3E  00DF45  000208  00001
EXTRA                 00DF46  00DFB2  00006D  00001
DRV                   00FA00  00FAA0  0000A1  00001
BIOS                  00FB00  00FF4C  00044D  00001
RESETVEC              00FFFA  00FFFF  000006  00001


Exports list by name:
---------------------
cpu                       001966  EA    


Exports list by value:
----------------------
cpu                       001966  EA    


Imports list:
-------------
cpu ([linker generated]):

