ca65 V2.19 - Git 51b946bf2
Main file   : wozmon.s
Current file: wozmon.s

000000r 1               .setcpu "6502"
000000r 1               .segment "WOZMON"
000000r 1               
000000r 1               ;variaveis
000000r 1               
000000r 1               LEDON   =   $8000
000000r 1               LEDOFF  =   $8001
000000r 1               
000000r 1               RESET:                           ;codigo
000000r 1  78                               sei
000001r 1               ;;A15 A14 A13 A12  | A11 A10 A09 A08
000001r 1               ;;    0      1      0     0   |     0     0      0      1
000001r 1               ;;    0      1      0     0   |     0     0      1      0
000001r 1               LOOP:
000001r 1  A9 00                            LDA             #$00
000003r 1  8D 00 41                         STA              $4100
000006r 1  EA                               NOP
000007r 1  EA                               NOP
000008r 1  EA                               NOP
000009r 1  EA                               NOP
00000Ar 1  A9 FF                            LDA          #$FF
00000Cr 1  8D 00 42                         STA          $4200
00000Fr 1  EA                               NOP
000010r 1  EA                               NOP
000011r 1  EA                               NOP
000012r 1  EA                               NOP
000013r 1  4C rr rr                         JMP   LOOP
000016r 1               
000016r 1               
000016r 1               ;Cpu reset address
000016r 1               .segment    "RESETVEC"
000000r 1               
000000r 1  00 0F                                                .word   $0F00
000002r 1  rr rr                                                .word   RESET
000004r 1  00 00                                                .word   $0000
000004r 1               
